// Jest Snapshot v1, https://goo.gl/fbAQLP

exports[`generateCSS generate full theme 1`] = `
".g-root {
    --g-border-radius-xs: 3px;
    --g-border-radius-s: 5px;
    --g-border-radius-m: 6px;
    --g-border-radius-l: 8px;
    --g-border-radius-xl: 10px;

    --g-font-family-sans: 'Inter', 'Helvetica Neue', 'Helvetica', 'Arial';
    --g-font-family-monospace: 'Menlo', 'Monaco', 'Consolas', 'Liberation Mono', 'Ubuntu Mono', 'DejaVu Sans Mono', 'Courier New', 'Courier';
    --g-text-body-font-weight: 400;
    --g-text-body-font-family: var(--g-font-family-sans);
    --g-text-caption-font-weight: 400;
    --g-text-caption-font-family: var(--g-font-family-sans);
    --g-text-code-font-weight: 400;
    --g-text-code-font-family: var(--g-font-family-monospace);
    --g-text-display-font-weight: 600;
    --g-text-display-font-family: var(--g-font-family-sans);
    --g-text-header-font-weight: 600;
    --g-text-header-font-family: var(--g-font-family-sans);
    --g-text-subheader-font-weight: 600;
    --g-text-subheader-font-family: var(--g-font-family-sans);
    --g-text-body-short-font-size: 13px;
    --g-text-body-short-line-height: 16px;
    --g-text-body-1-font-size: 13px;
    --g-text-body-1-line-height: 18px;
    --g-text-body-2-font-size: 15px;
    --g-text-body-2-line-height: 20px;
    --g-text-body-3-font-size: 17px;
    --g-text-body-3-line-height: 24px;
    --g-text-caption-1-font-size: 9px;
    --g-text-caption-1-line-height: 12px;
    --g-text-caption-2-font-size: 11px;
    --g-text-caption-2-line-height: 16px;
    --g-text-code-1-font-size: 12px;
    --g-text-code-1-line-height: 18px;
    --g-text-code-inline-1-font-size: 12px;
    --g-text-code-inline-1-line-height: 14px;
    --g-text-code-2-font-size: 14px;
    --g-text-code-2-line-height: 20px;
    --g-text-code-inline-2-font-size: 14px;
    --g-text-code-inline-2-line-height: 16px;
    --g-text-code-3-font-size: 16px;
    --g-text-code-3-line-height: 24px;
    --g-text-code-inline-3-font-size: 16px;
    --g-text-code-inline-3-line-height: 20px;
    --g-text-display-1-font-size: 28px;
    --g-text-display-1-line-height: 36px;
    --g-text-display-2-font-size: 32px;
    --g-text-display-2-line-height: 40px;
    --g-text-display-3-font-size: 40px;
    --g-text-display-3-line-height: 48px;
    --g-text-display-4-font-size: 48px;
    --g-text-display-4-line-height: 52px;
    --g-text-header-1-font-size: 20px;
    --g-text-header-1-line-height: 24px;
    --g-text-header-2-font-size: 24px;
    --g-text-header-2-line-height: 28px;
    --g-text-subheader-1-font-size: 13px;
    --g-text-subheader-1-line-height: 18px;
    --g-text-subheader-2-font-size: 15px;
    --g-text-subheader-2-line-height: 20px;
    --g-text-subheader-3-font-size: 17px;
    --g-text-subheader-3-line-height: 24px;
}

.g-root_theme_light {
    --g-color-base-brand: var(--g-color-private-yellow-550-solid);
    --g-color-base-background: var(--g-color-private-white-1000-solid);
    --g-color-base-brand-hover: var(--g-color-private-yellow-600-solid);
    --g-color-base-selection: var(--g-color-private-yellow-200);
    --g-color-base-selection-hover: var(--g-color-private-yellow-300);
    --g-color-line-brand: var(--g-color-private-yellow-600-solid);
    --g-color-text-brand: var(--g-color-private-yellow-700-solid);
    --g-color-text-brand-heavy: var(--g-color-private-orange-700-solid);
    --g-color-text-brand-contrast: rgba(0, 0, 0, 0.85);
    --g-color-text-link: var(--g-color-private-yellow-650-solid);
    --g-color-text-link-hover: var(--g-color-private-orange-650-solid);
    --g-color-text-link-visited: var(--g-color-private-purple-550-solid);
    --g-color-text-link-visited-hover: var(--g-color-private-purple-800-solid);
}

.g-root_theme_dark {
    --g-color-base-brand: var(--g-color-private-yellow-550-solid);
    --g-color-base-background: rgb(34,29,34);
    --g-color-base-brand-hover: var(--g-color-private-yellow-650-solid);
    --g-color-base-selection: var(--g-color-private-yellow-150);
    --g-color-base-selection-hover: var(--g-color-private-yellow-200);
    --g-color-line-brand: var(--g-color-private-yellow-600-solid);
    --g-color-text-brand: var(--g-color-private-yellow-600-solid);
    --g-color-text-brand-heavy: var(--g-color-private-yellow-700-solid);
    --g-color-text-brand-contrast: rgba(0, 0, 0, 0.9);
    --g-color-text-link: var(--g-color-private-yellow-550-solid);
    --g-color-text-link-hover: var(--g-color-private-orange-550-solid);
    --g-color-text-link-visited: var(--g-color-private-purple-600-solid);
    --g-color-text-link-visited-hover: var(--g-color-private-purple-750-solid);
}"
`;

exports[`generateCSS generate only changed variables 1`] = `
".g-root {
    --g-text-body-1-font-size: 200px;
}

.g-root_theme_light {
    --g-color-text-link-hover: red;
}

.g-root_theme_dark {
    --g-color-text-link-hover: blue;
}"
`;

exports[`generateCSS generate when add new base color 1`] = `
".g-root {

}

.g-root_theme_light {
    --g-color-private-brand-50: rgb(233 233 233 / 0.1);
    --g-color-private-brand-100: rgb(233 233 233 / 0.15);
    --g-color-private-brand-150: rgb(233 233 233 / 0.2);
    --g-color-private-brand-200: rgb(233 233 233 / 0.3);
    --g-color-private-brand-250: rgb(233 233 233 / 0.4);
    --g-color-private-brand-300: rgb(233 233 233 / 0.5);
    --g-color-private-brand-350: rgb(233 233 233 / 0.6);
    --g-color-private-brand-400: rgb(233 233 233 / 0.7);
    --g-color-private-brand-450: rgb(233 233 233 / 0.8);
    --g-color-private-brand-500: rgb(233 233 233 / 0.9);
    --g-color-private-brand-550-solid: rgb(233 233 233);
    --g-color-private-brand-1000-solid: rgb(64 60 64);
    --g-color-private-brand-950-solid: rgb(74 70 74);
    --g-color-private-brand-900-solid: rgb(94 90 94);
    --g-color-private-brand-850-solid: rgb(114 111 114);
    --g-color-private-brand-800-solid: rgb(134 131 134);
    --g-color-private-brand-750-solid: rgb(153 151 153);
    --g-color-private-brand-700-solid: rgb(173 172 173);
    --g-color-private-brand-650-solid: rgb(193 192 193);
    --g-color-private-brand-600-solid: rgb(213 213 213);
    --g-color-private-brand-500-solid: rgb(235 235 235);
    --g-color-private-brand-450-solid: rgb(237 237 237);
    --g-color-private-brand-400-solid: rgb(240 240 240);
    --g-color-private-brand-350-solid: rgb(242 242 242);
    --g-color-private-brand-300-solid: rgb(244 244 244);
    --g-color-private-brand-250-solid: rgb(246 246 246);
    --g-color-private-brand-200-solid: rgb(248 248 248);
    --g-color-private-brand-150-solid: rgb(251 251 251);
    --g-color-private-brand-100-solid: rgb(252 252 252);
    --g-color-private-brand-50-solid: rgb(253 253 253);

    --g-color-private-custom-50: rgb(255 255 255 / 0.1);
    --g-color-private-custom-100: rgb(255 255 255 / 0.15);
    --g-color-private-custom-150: rgb(255 255 255 / 0.2);
    --g-color-private-custom-200: rgb(255 255 255 / 0.3);
    --g-color-private-custom-250: rgb(255 255 255 / 0.4);
    --g-color-private-custom-300: rgb(255 255 255 / 0.5);
    --g-color-private-custom-350: rgb(255 255 255 / 0.6);
    --g-color-private-custom-400: rgb(255 255 255 / 0.7);
    --g-color-private-custom-450: rgb(255 255 255 / 0.8);
    --g-color-private-custom-500: rgb(255 255 255 / 0.9);
    --g-color-private-custom-550-solid: rgb(255 255 255);
    --g-color-private-custom-1000-solid: rgb(67 63 67);
    --g-color-private-custom-950-solid: rgb(78 74 78);
    --g-color-private-custom-900-solid: rgb(100 97 100);
    --g-color-private-custom-850-solid: rgb(122 119 122);
    --g-color-private-custom-800-solid: rgb(145 142 145);
    --g-color-private-custom-750-solid: rgb(167 165 167);
    --g-color-private-custom-700-solid: rgb(189 187 189);
    --g-color-private-custom-650-solid: rgb(211 210 211);
    --g-color-private-custom-600-solid: rgb(233 232 233);
    --g-color-private-custom-500-solid: rgb(255 255 255);
    --g-color-private-custom-450-solid: rgb(255 255 255);
    --g-color-private-custom-400-solid: rgb(255 255 255);
    --g-color-private-custom-350-solid: rgb(255 255 255);
    --g-color-private-custom-300-solid: rgb(255 255 255);
    --g-color-private-custom-250-solid: rgb(255 255 255);
    --g-color-private-custom-200-solid: rgb(255 255 255);
    --g-color-private-custom-150-solid: rgb(255 255 255);
    --g-color-private-custom-100-solid: rgb(255 255 255);
    --g-color-private-custom-50-solid: rgb(255 255 255);
}

.g-root_theme_dark {
    --g-color-private-custom-50: rgb(253 255 23 / 0.1);
    --g-color-private-custom-100: rgb(253 255 23 / 0.15);
    --g-color-private-custom-150: rgb(253 255 23 / 0.2);
    --g-color-private-custom-200: rgb(253 255 23 / 0.3);
    --g-color-private-custom-250: rgb(253 255 23 / 0.4);
    --g-color-private-custom-300: rgb(253 255 23 / 0.5);
    --g-color-private-custom-350: rgb(253 255 23 / 0.6);
    --g-color-private-custom-400: rgb(253 255 23 / 0.7);
    --g-color-private-custom-450: rgb(253 255 23 / 0.8);
    --g-color-private-custom-500: rgb(253 255 23 / 0.9);
    --g-color-private-custom-550-solid: rgb(253 255 23);
    --g-color-private-custom-1000-solid: rgb(255 255 220);
    --g-color-private-custom-950-solid: rgb(255 255 209);
    --g-color-private-custom-900-solid: rgb(254 255 185);
    --g-color-private-custom-850-solid: rgb(254 255 162);
    --g-color-private-custom-800-solid: rgb(254 255 139);
    --g-color-private-custom-750-solid: rgb(254 255 116);
    --g-color-private-custom-700-solid: rgb(254 255 93);
    --g-color-private-custom-650-solid: rgb(253 255 69);
    --g-color-private-custom-600-solid: rgb(253 255 46);
    --g-color-private-custom-500-solid: rgb(231 232 24);
    --g-color-private-custom-450-solid: rgb(209 210 25);
    --g-color-private-custom-400-solid: rgb(187 187 26);
    --g-color-private-custom-350-solid: rgb(165 165 27);
    --g-color-private-custom-300-solid: rgb(144 142 29);
    --g-color-private-custom-250-solid: rgb(122 119 30);
    --g-color-private-custom-200-solid: rgb(100 97 31);
    --g-color-private-custom-150-solid: rgb(78 74 32);
    --g-color-private-custom-100-solid: rgb(67 63 32);
    --g-color-private-custom-50-solid: rgb(56 52 33);
}"
`;
